$ rm -rf /content/rob && git clone -q -b main https://github.com/SEKY443/Group69TinyLanguageModel.git /content/rob

$ git -C /content/rob checkout -q 2db3f51 && git -C /content/rob log --oneline -1
2db3f51 Readme: note that the module cells changed after the saved run (behaviour unchanged)
$ pip -q install gdown

$ mkdir -p /content/piqa && cd /content/piqa && gdown -q --folder https://drive.google.com/drive/folders/1lxEsHLbRsgOHh8rOAd75QHUZds7ybKtT -O . && find . -type f -name '*.*' -path '*/*/*' -exec mv {} . \; ; ls
test.jsonl
test-labels.lst
train.jsonl
train-labels.lst
/usr/local/lib/python3.13/dist-packages/huggingface_hub/utils/_auth.py:138: UserWarning: 
Error while fetching `HF_TOKEN` secret value from your vault: 'Requesting secret HF_TOKEN timed out. Secrets can only be fetched when running from the Colab UI.'.
  warnings.warn(f"\nError while fetching `HF_TOKEN` secret value from your vault: '{str(e)}'.")
config.json:   0%|          | 0.00/481 [00:00<?, ?B/s]
Warning: You are sending unauthenticated requests to the HF Hub. Please set a HF_TOKEN to enable higher rate limits and faster downloads.
WARNING:huggingface_hub.utils._http:Warning: You are sending unauthenticated requests to the HF Hub. Please set a HF_TOKEN to enable higher rate limits and faster downloads.
tokenizer_config.json:   0%|          | 0.00/25.0 [00:00<?, ?B/s]
vocab.json:   0%|          | 0.00/899k [00:00<?, ?B/s]
merges.txt:   0%|          | 0.00/456k [00:00<?, ?B/s]
tokenizer.json:   0%|          | 0.00/1.36M [00:00<?, ?B/s]
model.safetensors: reconstructing file:   0%|          |  0.00B /  499MB        
model.safetensors: downloading bytes:           |  0.00B            
Loading weights:   0%|          | 0/197 [00:00<?, ?it/s]
[transformers] [1mRobertaForMultipleChoice LOAD REPORT[0m from: FacebookAI/roberta-base
Key                         | Status     | 
----------------------------+------------+-
lm_head.layer_norm.weight   | UNEXPECTED | 
lm_head.layer_norm.bias     | UNEXPECTED | 
lm_head.dense.weight        | UNEXPECTED | 
lm_head.bias                | UNEXPECTED | 
lm_head.dense.bias          | UNEXPECTED | 
classifier.bias             | MISSING    | 
roberta.pooler.dense.bias   | MISSING    | 
roberta.pooler.dense.weight | MISSING    | 
classifier.weight           | MISSING    | 

Notes:
- UNEXPECTED:	can be ignored when loading from different task/architecture; not ok if you expect identical arch.
- MISSING:	those params were newly initialized because missing from the checkpoint. Consider training on your downstream task.
[B3 FacebookAI/roberta-base] ep 1 loss 0.6915 val_acc 0.6297 (169.7s)
[B3 FacebookAI/roberta-base] ep 2 loss 0.6556 val_acc 0.6607 (175.8s)
[B3 FacebookAI/roberta-base] ep 3 loss 0.5980 val_acc 0.6911 (175.3s)
[B3 FacebookAI/roberta-base] ep 4 loss 0.5540 val_acc 0.6929 (175.4s)
Writing model shards:   0%|          | 0/1 [00:00<?, ?it/s]
{"seed_requested": 42, "seed_used": 42, "restarted_from": [], "best_val_acc": 0.6929280397022333, "learned": true, "train_loss_by_epoch": [0.6915, 0.6556, 0.598, 0.554], "val_acc_by_epoch": [0.6297, 0.6607, 0.6911, 0.6929]}
Loading weights:   0%|          | 0/197 [00:00<?, ?it/s]
[transformers] [1mRobertaForMultipleChoice LOAD REPORT[0m from: FacebookAI/roberta-base
Key                         | Status     | 
----------------------------+------------+-
lm_head.layer_norm.weight   | UNEXPECTED | 
lm_head.layer_norm.bias     | UNEXPECTED | 
lm_head.dense.weight        | UNEXPECTED | 
lm_head.bias                | UNEXPECTED | 
lm_head.dense.bias          | UNEXPECTED | 
classifier.bias             | MISSING    | 
roberta.pooler.dense.bias   | MISSING    | 
roberta.pooler.dense.weight | MISSING    | 
classifier.weight           | MISSING    | 

Notes:
- UNEXPECTED:	can be ignored when loading from different task/architecture; not ok if you expect identical arch.
- MISSING:	those params were newly initialized because missing from the checkpoint. Consider training on your downstream task.
